C51 COMPILER V9.57.0.0   SQUARE_WAVE_10HZ                                                  03/14/2018 22:06:55 PAGE 1   


C51 COMPILER V9.57.0.0, COMPILATION OF MODULE SQUARE_WAVE_10HZ
OBJECT MODULE PLACED IN .\Objects\square_wave_10hz.obj
COMPILER INVOKED BY: C:\Keil_v5\C51\BIN\C51.EXE Programs\square_wave_10hz.c OPTIMIZE(8,SPEED) BROWSE DEBUG OBJECTEXTEND 
                    -PRINT(.\Listings\square_wave_10hz.lst) TABS(2) OBJECT(.\Objects\square_wave_10hz.obj)

line level    source

   1          //generate a square wave of 10 Hz at pin P1.0 of 8051 using timer
   2          
   3          #include <reg51.h>               // include 8051 register file
   4          sbit pin = P1^0;                    // decleare a variable type sbit for P1.0 
   5          main()
   6          {
   7   1            P1 = 0x00;                     // clear port
   8   1            TMOD = 0x09;                // initialize timer 0 as 16 bit timer 
   9   1      loop:TL0 = 0xAF;                  // load valur 15535 = 3CAFh so after 
  10   1            TH0 = 0x3C;                   // 50000 counts timer 0 will be overflow
  11   1             pin = 1;                        // send high logic to P1.0
  12   1             TR0 = 1;                       // start timer
  13   1             while(TF0 == 0)  {}       // wait for first overflow for 50 ms
  14   1      
  15   1             TL0 = 0xAF;                 // again reload count
  16   1             TH0 = 0x3C;
  17   1             pin = 0;                       // now send 0 to P1.0
  18   1            while(TF0 == 0)  {}       // wait for 50 ms again  
  19   1        goto loop;                         // continue with the loop  
  20   1      }


MODULE INFORMATION:   STATIC OVERLAYABLE
   CODE SIZE        =     32    ----
   CONSTANT SIZE    =   ----    ----
   XDATA SIZE       =   ----    ----
   PDATA SIZE       =   ----    ----
   DATA SIZE        =   ----    ----
   IDATA SIZE       =   ----    ----
   BIT SIZE         =   ----    ----
END OF MODULE INFORMATION.


C51 COMPILATION COMPLETE.  0 WARNING(S),  0 ERROR(S)
